// Jest Snapshot v1, https://goo.gl/fbAQLP

exports[`NewsContainer should match the snapshot 1`] = `
<main>
  <NewsArticle
    key="3"
    linkOut={[MockFunction]}
    story={
      Object {
        "description": "yas queen",
        "headline": "i rule the school",
        "id": 3,
        "img": "www.potatoes.com",
        "url": "www.coolkids.com",
      }
    }
  />
</main>
`;
